%guest
        A guest session
    %endguest


    %if (true)
        {{{ $name }}}
    %endif


    %auth
        A auth session
    %endauth
