@__tintin_verbatim__1__@

@__tintin_verbatim__2__@

@__tintin_verbatim__3__@